// Jest Snapshot v1, https://goo.gl/fbAQLP

exports[`ListItem Component renders items passed as props 1`] = `
<div class="item-list-component">
  <h2>List of items:</h2>
  <div class="my-item">10: Item 1</div>
  <div class="my-item">20: Item 2</div>
  <div class="my-item">30: Item 3</div>
</div>
`;
